\BOOKMARK [1][-]{section.1}{\376\377\225\356\230\230\221\315\217\360}{}% 1
\BOOKMARK [2][-]{subsection.1.1}{\376\377\225\356\230\230\200\314\146\157}{section.1}% 2
\BOOKMARK [2][-]{subsection.1.2}{\376\377\116\373\122\241\116\016\145\160\143\156}{section.1}% 3
\BOOKMARK [1][-]{section.2}{\376\377\152\041\127\213\120\107\213\276}{}% 4
\BOOKMARK [1][-]{section.3}{\376\377\173\046\123\367\213\364\146\016}{}% 5
\BOOKMARK [1][-]{section.4}{\376\377\225\356\230\230\122\006\147\220\116\016\140\073\117\123\140\035\215\357}{}% 6
\BOOKMARK [2][-]{subsection.4.1}{\376\377\152\041\127\213\116\313\176\315\116\016\220\011\142\351\117\235\143\156}{section.4}% 7
\BOOKMARK [2][-]{subsection.4.2}{\376\377\126\333\225\356\220\022\217\333\121\163\174\373}{section.4}% 8
\BOOKMARK [1][-]{section.5}{\376\377\145\160\143\156\162\171\137\201\116\016\217\271\165\114\217\223\121\145}{}% 9
\BOOKMARK [2][-]{subsection.5.1}{\376\377\160\330\142\077\163\257\130\203\166\204\211\302\155\113\203\003\126\364}{section.5}% 10
\BOOKMARK [2][-]{subsection.5.2}{\376\377\123\112\137\204\211\302\155\113\123\312\121\166\121\340\117\125\124\053\116\111}{section.5}% 11
\BOOKMARK [1][-]{section.6}{\376\377\176\337\116\000\160\355\156\177\152\041\127\213}{}% 12
\BOOKMARK [1][-]{section.7}{\376\377\145\160\120\074\145\271\154\325\116\016\145\071\217\333}{}% 13
\BOOKMARK [2][-]{subsection.7.1}{\376\377\123\072\225\364\171\357\122\006\165\114\227\142\220\032\221\317}{section.7}% 14
\BOOKMARK [2][-]{subsection.7.2}{\376\377\210\150\227\142\122\240\133\306\127\006\163\257\147\011\226\120\117\123\171\357}{section.7}% 15
\BOOKMARK [2][-]{subsection.7.3}{\376\377\227\136\176\277\140\047\145\366\225\364\143\250\217\333\116\016\176\310\160\271}{section.7}% 16
\BOOKMARK [1][-]{section.8}{\376\377\176\323\147\234\116\016\122\006\147\220}{}% 17
\BOOKMARK [2][-]{subsection.8.1}{\376\377\225\356\230\230\0001\377\032\230\204\160\355\226\066\153\265}{section.8}% 18
\BOOKMARK [2][-]{subsection.8.2}{\376\377\225\356\230\230\0002\377\032\122\115\0003\134\017\145\366\116\016\121\150\217\307\172\013\217\223\121\372}{section.8}% 19
\BOOKMARK [2][-]{subsection.8.3}{\376\377\225\356\230\230\0003\377\032\126\372\133\232\123\112\137\204\116\013\166\204\217\276\150\007\145\366\225\364}{section.8}% 20
\BOOKMARK [2][-]{subsection.8.4}{\376\377\225\356\230\230\0004\377\032\200\003\206\121\145\066\177\051\116\016\226\104\137\125\0004\162\151\140\047}{section.8}% 21
\BOOKMARK [1][-]{section.9}{\376\377\152\041\127\213\150\300\232\214\116\016\145\117\141\037\140\047}{}% 22
\BOOKMARK [2][-]{subsection.9.1}{\376\377\145\160\120\074\150\300\232\214}{section.9}% 23
\BOOKMARK [2][-]{subsection.9.2}{\376\377\0004\134\017\145\366\124\016\163\257\130\203\136\366\142\323\166\204\213\301\143\156\203\003\126\364}{section.9}% 24
\BOOKMARK [2][-]{subsection.9.3}{\376\377\147\011\145\110\155\123\136\246\217\271\165\114\116\016\160\355\156\177\225\355\124\010}{section.9}% 25
\BOOKMARK [2][-]{subsection.9.4}{\376\377\167\037\133\236\136\162\162\151\215\050\116\016\154\064\215\050\221\317\166\204\147\141\116\366\140\047\133\241\147\345}{section.9}% 26
\BOOKMARK [2][-]{subsection.9.5}{\376\377\217\271\165\114\174\373\145\160\142\153\143\317\166\204\211\343\221\312\116\016\137\122\126\340\203\003\126\364}{section.9}% 27
\BOOKMARK [1][-]{section.10}{\376\377\152\041\127\213\213\304\116\367\116\016\143\250\136\177}{}% 28
\BOOKMARK [2][-]{subsection.10.1}{\376\377\152\041\127\213\117\030\160\271}{section.10}% 29
\BOOKMARK [2][-]{subsection.10.2}{\376\377\152\041\127\213\177\072\226\167\123\312\121\166\137\161\124\315}{section.10}% 30
\BOOKMARK [2][-]{subsection.10.3}{\376\377\143\250\136\177\147\141\116\366\116\016\145\071\217\333\215\357\137\204}{section.10}% 31
\BOOKMARK [1][-]{section.11}{\376\377\176\323\213\272}{}% 32
\BOOKMARK [1][-]{appendix.A}{\376\377\145\057\144\221\147\120\145\231\145\207\116\366\122\027\210\150}{}% 33
\BOOKMARK [1][-]{appendix.B}{\376\377\133\214\145\164\156\220\172\013\136\217}{}% 34
\BOOKMARK [2][-]{subsection.B.1}{\376\377\000b\000u\000i\000l\000d\000\137\000o\000u\000t\000p\000u\000t\000s\000.\000p\000y}{appendix.B}% 35
\BOOKMARK [2][-]{subsection.B.2}{\376\377\000m\000a\000k\000e\000\137\000f\000i\000g\000u\000r\000e\000s\000.\000p\000y}{appendix.B}% 36
\BOOKMARK [2][-]{subsection.B.3}{\376\377\000m\000o\000d\000e\000l\000.\000p\000y}{appendix.B}% 37
\BOOKMARK [2][-]{subsection.B.4}{\376\377\000p\0002\000\137\000r\000e\000f\000e\000r\000e\000n\000c\000e\000.\000p\000y}{appendix.B}% 38
\BOOKMARK [2][-]{subsection.B.5}{\376\377\000p\0002\000\137\000r\000e\000p\000o\000r\000t\000.\000p\000y}{appendix.B}% 39
\BOOKMARK [2][-]{subsection.B.6}{\376\377\000p\0002\000\137\000s\000t\000u\000d\000y\000.\000p\000y}{appendix.B}% 40
\BOOKMARK [2][-]{subsection.B.7}{\376\377\000r\000u\000n\000\137\000a\000l\000l\000.\000p\000y}{appendix.B}% 41
\BOOKMARK [2][-]{subsection.B.8}{\376\377\000r\000u\000n\000\137\000s\000t\000u\000d\000y\000.\000p\000y}{appendix.B}% 42
\BOOKMARK [2][-]{subsection.B.9}{\376\377\000t\000e\000s\000t\000s\000.\000p\000y}{appendix.B}% 43
\BOOKMARK [2][-]{subsection.B.10}{\376\377\000v\000e\000r\000i\000f\000y\000\137\000o\000u\000t\000p\000u\000t\000s\000.\000p\000y}{appendix.B}% 44
\BOOKMARK [2][-]{subsection.B.11}{\376\377\000a\000u\000d\000i\000t\000\137\000a\000s\000s\000u\000m\000p\000t\000i\000o\000n\000s\000.\000p\000y}{appendix.B}% 45
